{
  "file": {
    "decls": [
      {
        "field": "name",
        "record": {
          "args": [
            {
              "kind": "Unit",
              "type": "Literal"
            }
          ],
          "func": {
            "name": "getUser",
            "type": "Identifier"
          },
          "type": "FuncCall"
        },
        "type": "RecordAccess"
      }
    ],
    "path": "test://unit",
    "statements": [
      {
        "field": "name",
        "record": {
          "args": [
            {
              "kind": "Unit",
              "type": "Literal"
            }
          ],
          "func": {
            "name": "getUser",
            "type": "Identifier"
          },
          "type": "FuncCall"
        },
        "type": "RecordAccess"
      }
    ],
    "type": "File"
  },
  "type": "Program"
}