{
  "file": {
    "decls": [
      {
        "kind": "Bool",
        "type": "Literal",
        "value": false
      }
    ],
    "path": "test://unit",
    "statements": [
      {
        "kind": "Bool",
        "type": "Literal",
        "value": false
      }
    ],
    "type": "File"
  },
  "type": "Program"
}