{
  "file": {
    "decls": [
      {
        "args": [
          {
            "kind": "Unit",
            "type": "Literal"
          }
        ],
        "func": {
          "name": "foo",
          "type": "Identifier"
        },
        "type": "FuncCall"
      }
    ],
    "path": "test://unit",
    "statements": [
      {
        "args": [
          {
            "kind": "Unit",
            "type": "Literal"
          }
        ],
        "func": {
          "name": "foo",
          "type": "Identifier"
        },
        "type": "FuncCall"
      }
    ],
    "type": "File"
  },
  "type": "Program"
}