{
  "file": {
    "decls": [
      {
        "args": [
          {
            "kind": "Unit",
            "type": "Literal"
          }
        ],
        "func": {
          "field": "baz",
          "record": {
            "args": [
              {
                "kind": "Unit",
                "type": "Literal"
              }
            ],
            "func": {
              "field": "bar",
              "record": {
                "args": [
                  {
                    "kind": "Unit",
                    "type": "Literal"
                  }
                ],
                "func": {
                  "name": "foo",
                  "type": "Identifier"
                },
                "type": "FuncCall"
              },
              "type": "RecordAccess"
            },
            "type": "FuncCall"
          },
          "type": "RecordAccess"
        },
        "type": "FuncCall"
      }
    ],
    "path": "test://unit",
    "statements": [
      {
        "args": [
          {
            "kind": "Unit",
            "type": "Literal"
          }
        ],
        "func": {
          "field": "baz",
          "record": {
            "args": [
              {
                "kind": "Unit",
                "type": "Literal"
              }
            ],
            "func": {
              "field": "bar",
              "record": {
                "args": [
                  {
                    "kind": "Unit",
                    "type": "Literal"
                  }
                ],
                "func": {
                  "name": "foo",
                  "type": "Identifier"
                },
                "type": "FuncCall"
              },
              "type": "RecordAccess"
            },
            "type": "FuncCall"
          },
          "type": "RecordAccess"
        },
        "type": "FuncCall"
      }
    ],
    "type": "File"
  },
  "type": "Program"
}