{
  "file": {
    "decls": [
      {
        "condition": {
          "left": {
            "name": "x",
            "type": "Identifier"
          },
          "op": "\u003e",
          "right": {
            "kind": "Int",
            "type": "Literal",
            "value": 0
          },
          "type": "BinaryOp"
        },
        "else": {
          "kind": "String",
          "type": "Literal",
          "value": "negative"
        },
        "then": {
          "condition": {
            "left": {
              "name": "x",
              "type": "Identifier"
            },
            "op": "\u003e",
            "right": {
              "kind": "Int",
              "type": "Literal",
              "value": 10
            },
            "type": "BinaryOp"
          },
          "else": {
            "kind": "String",
            "type": "Literal",
            "value": "small"
          },
          "then": {
            "kind": "String",
            "type": "Literal",
            "value": "large"
          },
          "type": "If"
        },
        "type": "If"
      }
    ],
    "path": "test://unit",
    "statements": [
      {
        "condition": {
          "left": {
            "name": "x",
            "type": "Identifier"
          },
          "op": "\u003e",
          "right": {
            "kind": "Int",
            "type": "Literal",
            "value": 0
          },
          "type": "BinaryOp"
        },
        "else": {
          "kind": "String",
          "type": "Literal",
          "value": "negative"
        },
        "then": {
          "condition": {
            "left": {
              "name": "x",
              "type": "Identifier"
            },
            "op": "\u003e",
            "right": {
              "kind": "Int",
              "type": "Literal",
              "value": 10
            },
            "type": "BinaryOp"
          },
          "else": {
            "kind": "String",
            "type": "Literal",
            "value": "small"
          },
          "then": {
            "kind": "String",
            "type": "Literal",
            "value": "large"
          },
          "type": "If"
        },
        "type": "If"
      }
    ],
    "type": "File"
  },
  "type": "Program"
}