{
  "file": {
    "decls": [
      {
        "body": null,
        "name": "x",
        "type": "Let",
        "value": {
          "kind": "Int",
          "type": "Literal",
          "value": 1
        }
      }
    ],
    "imports": [
      {
        "path": "Foo",
        "symbols": [
          "bar"
        ],
        "type": "ImportDecl"
      }
    ],
    "path": "test://unit",
    "statements": [
      {
        "body": null,
        "name": "x",
        "type": "Let",
        "value": {
          "kind": "Int",
          "type": "Literal",
          "value": 1
        }
      }
    ],
    "type": "File"
  },
  "type": "Program"
}