mode: set
github.com/sunholo-data/ailang/internal/messaging/task_inputs.go:32.43,33.41 1 1
github.com/sunholo-data/ailang/internal/messaging/task_inputs.go:33.41,35.3 1 1
github.com/sunholo-data/ailang/internal/messaging/task_inputs.go:36.2,36.48 1 1
github.com/sunholo-data/ailang/internal/messaging/task_inputs.go:36.48,37.34 1 1
github.com/sunholo-data/ailang/internal/messaging/task_inputs.go:37.34,39.4 1 1
github.com/sunholo-data/ailang/internal/messaging/task_inputs.go:41.2,41.12 1 1
github.com/sunholo-data/ailang/internal/messaging/task_inputs.go:46.44,47.17 1 1
github.com/sunholo-data/ailang/internal/messaging/task_inputs.go:47.17,49.3 1 1
github.com/sunholo-data/ailang/internal/messaging/task_inputs.go:50.2,50.80 1 1
github.com/sunholo-data/ailang/internal/messaging/task_inputs.go:50.80,52.3 1 1
github.com/sunholo-data/ailang/internal/messaging/task_inputs.go:53.2,54.63 2 1
github.com/sunholo-data/ailang/internal/messaging/task_inputs.go:54.63,56.3 1 1
github.com/sunholo-data/ailang/internal/messaging/task_inputs.go:57.2,57.46 1 1
github.com/sunholo-data/ailang/internal/messaging/task_inputs.go:57.46,58.28 1 1
github.com/sunholo-data/ailang/internal/messaging/task_inputs.go:58.28,60.4 1 1
github.com/sunholo-data/ailang/internal/messaging/task_inputs.go:62.2,62.12 1 1
github.com/sunholo-data/ailang/internal/messaging/task_inputs.go:65.41,66.194 1 1
github.com/sunholo-data/ailang/internal/messaging/task_inputs.go:66.194,68.3 1 1
github.com/sunholo-data/ailang/internal/messaging/task_inputs.go:69.2,69.38 1 1
github.com/sunholo-data/ailang/internal/messaging/task_inputs.go:69.38,70.50 1 1
github.com/sunholo-data/ailang/internal/messaging/task_inputs.go:70.50,72.4 1 1
github.com/sunholo-data/ailang/internal/messaging/task_inputs.go:74.2,74.24 1 1
github.com/sunholo-data/ailang/internal/messaging/task_inputs.go:74.24,75.49 1 1
github.com/sunholo-data/ailang/internal/messaging/task_inputs.go:75.49,77.4 1 0
github.com/sunholo-data/ailang/internal/messaging/task_inputs.go:79.2,79.44 1 1
github.com/sunholo-data/ailang/internal/messaging/task_inputs.go:79.44,80.76 1 1
github.com/sunholo-data/ailang/internal/messaging/task_inputs.go:80.76,82.4 1 1
github.com/sunholo-data/ailang/internal/messaging/task_inputs.go:84.2,84.12 1 1
github.com/sunholo-data/ailang/internal/messaging/task_inputs.go:87.41,88.54 1 1
github.com/sunholo-data/ailang/internal/messaging/task_inputs.go:88.54,90.3 1 1
github.com/sunholo-data/ailang/internal/messaging/task_inputs.go:91.2,91.52 1 1
github.com/sunholo-data/ailang/internal/messaging/task_inputs.go:91.52,93.3 1 1
github.com/sunholo-data/ailang/internal/messaging/task_inputs.go:94.2,94.54 1 1
github.com/sunholo-data/ailang/internal/messaging/task_inputs.go:94.54,96.3 1 1
github.com/sunholo-data/ailang/internal/messaging/task_inputs.go:97.2,97.54 1 1
github.com/sunholo-data/ailang/internal/messaging/task_inputs.go:97.54,99.3 1 1
github.com/sunholo-data/ailang/internal/messaging/task_inputs.go:100.2,100.24 1 1
github.com/sunholo-data/ailang/internal/messaging/task_inputs.go:100.24,101.23 1 1
github.com/sunholo-data/ailang/internal/messaging/task_inputs.go:101.23,103.4 1 1
github.com/sunholo-data/ailang/internal/messaging/task_inputs.go:104.3,104.86 1 1
github.com/sunholo-data/ailang/internal/messaging/task_inputs.go:104.86,106.4 1 1
github.com/sunholo-data/ailang/internal/messaging/task_inputs.go:108.2,108.12 1 1
github.com/sunholo-data/ailang/internal/messaging/task_inputs.go:111.51,112.33 1 1
github.com/sunholo-data/ailang/internal/messaging/task_inputs.go:112.33,114.3 1 1
github.com/sunholo-data/ailang/internal/messaging/task_inputs.go:115.2,115.31 1 1
github.com/sunholo-data/ailang/internal/messaging/task_inputs.go:115.31,116.42 1 1
github.com/sunholo-data/ailang/internal/messaging/task_inputs.go:116.42,118.4 1 1
github.com/sunholo-data/ailang/internal/messaging/task_inputs.go:120.2,120.12 1 1
github.com/sunholo-data/ailang/internal/messaging/task_inputs.go:125.57,126.37 1 1
github.com/sunholo-data/ailang/internal/messaging/task_inputs.go:126.37,128.3 1 1
github.com/sunholo-data/ailang/internal/messaging/task_inputs.go:129.2,132.48 4 1
github.com/sunholo-data/ailang/internal/messaging/task_inputs.go:132.48,134.3 1 1
github.com/sunholo-data/ailang/internal/messaging/task_inputs.go:135.2,136.53 2 1
github.com/sunholo-data/ailang/internal/messaging/task_inputs.go:136.53,138.3 1 1
github.com/sunholo-data/ailang/internal/messaging/task_inputs.go:139.2,139.51 1 1
github.com/sunholo-data/ailang/internal/messaging/task_inputs.go:139.51,141.3 1 1
github.com/sunholo-data/ailang/internal/messaging/task_inputs.go:142.2,142.20 1 1
github.com/sunholo-data/ailang/cmd/ailang/coordinator_cloud_inputs.go:36.122,38.2 1 1
github.com/sunholo-data/ailang/cmd/ailang/coordinator_cloud_inputs.go:40.98,41.32 1 1
github.com/sunholo-data/ailang/cmd/ailang/coordinator_cloud_inputs.go:41.32,43.3 1 1
github.com/sunholo-data/ailang/cmd/ailang/coordinator_cloud_inputs.go:46.2,48.34 3 0
github.com/sunholo-data/ailang/cmd/ailang/coordinator_cloud_inputs.go:48.34,50.3 1 0
github.com/sunholo-data/ailang/cmd/ailang/coordinator_cloud_inputs.go:51.2,51.58 1 0
github.com/sunholo-data/ailang/cmd/ailang/coordinator_cloud_inputs.go:54.74,57.2 1 1
github.com/sunholo-data/ailang/cmd/ailang/coordinator_cloud_inputs.go:59.63,60.26 1 1
github.com/sunholo-data/ailang/cmd/ailang/coordinator_cloud_inputs.go:60.26,62.3 1 1
github.com/sunholo-data/ailang/cmd/ailang/coordinator_cloud_inputs.go:64.2,65.49 2 1
github.com/sunholo-data/ailang/cmd/ailang/coordinator_cloud_inputs.go:68.77,70.18 2 1
github.com/sunholo-data/ailang/cmd/ailang/coordinator_cloud_inputs.go:70.18,72.3 1 1
github.com/sunholo-data/ailang/cmd/ailang/coordinator_cloud_inputs.go:73.2,73.19 1 1
github.com/sunholo-data/ailang/cmd/ailang/coordinator_cloud_inputs.go:73.19,75.3 1 1
github.com/sunholo-data/ailang/cmd/ailang/coordinator_cloud_inputs.go:76.2,76.34 1 1
github.com/sunholo-data/ailang/cmd/ailang/coordinator_cloud_inputs.go:79.133,80.61 1 1
github.com/sunholo-data/ailang/cmd/ailang/coordinator_cloud_inputs.go:80.61,82.3 1 1
github.com/sunholo-data/ailang/cmd/ailang/coordinator_cloud_inputs.go:83.2,83.22 1 1
github.com/sunholo-data/ailang/cmd/ailang/coordinator_cloud_inputs.go:83.22,85.3 1 1
github.com/sunholo-data/ailang/cmd/ailang/coordinator_cloud_inputs.go:86.2,87.16 2 1
github.com/sunholo-data/ailang/cmd/ailang/coordinator_cloud_inputs.go:87.16,89.3 1 0
github.com/sunholo-data/ailang/cmd/ailang/coordinator_cloud_inputs.go:90.2,94.31 5 1
github.com/sunholo-data/ailang/cmd/ailang/coordinator_cloud_inputs.go:94.31,95.35 1 1
github.com/sunholo-data/ailang/cmd/ailang/coordinator_cloud_inputs.go:95.35,97.4 1 1
github.com/sunholo-data/ailang/cmd/ailang/coordinator_cloud_inputs.go:98.3,100.17 3 1
github.com/sunholo-data/ailang/cmd/ailang/coordinator_cloud_inputs.go:100.17,102.4 1 1
github.com/sunholo-data/ailang/cmd/ailang/coordinator_cloud_inputs.go:103.3,104.17 2 1
github.com/sunholo-data/ailang/cmd/ailang/coordinator_cloud_inputs.go:104.17,106.4 1 1
github.com/sunholo-data/ailang/cmd/ailang/coordinator_cloud_inputs.go:107.3,109.29 3 1
github.com/sunholo-data/ailang/cmd/ailang/coordinator_cloud_inputs.go:111.2,111.61 1 1
github.com/sunholo-data/ailang/cmd/ailang/coordinator_cloud_inputs.go:111.61,113.3 1 0
github.com/sunholo-data/ailang/cmd/ailang/coordinator_cloud_inputs.go:115.2,116.29 2 1
github.com/sunholo-data/ailang/cmd/ailang/coordinator_cloud_inputs.go:116.29,117.22 1 1
github.com/sunholo-data/ailang/cmd/ailang/coordinator_cloud_inputs.go:117.22,119.4 1 1
github.com/sunholo-data/ailang/cmd/ailang/coordinator_cloud_inputs.go:120.3,121.84 2 1
github.com/sunholo-data/ailang/cmd/ailang/coordinator_cloud_inputs.go:121.84,123.4 1 1
github.com/sunholo-data/ailang/cmd/ailang/coordinator_cloud_inputs.go:126.2,126.29 1 1
github.com/sunholo-data/ailang/cmd/ailang/coordinator_cloud_inputs.go:126.29,127.87 1 1
github.com/sunholo-data/ailang/cmd/ailang/coordinator_cloud_inputs.go:127.87,128.20 1 1
github.com/sunholo-data/ailang/cmd/ailang/coordinator_cloud_inputs.go:128.20,130.5 1 1
github.com/sunholo-data/ailang/cmd/ailang/coordinator_cloud_inputs.go:133.2,133.31 1 1
github.com/sunholo-data/ailang/cmd/ailang/coordinator_cloud_inputs.go:133.31,134.23 1 1
github.com/sunholo-data/ailang/cmd/ailang/coordinator_cloud_inputs.go:134.23,135.66 1 1
github.com/sunholo-data/ailang/cmd/ailang/coordinator_cloud_inputs.go:135.66,137.5 1 1
github.com/sunholo-data/ailang/cmd/ailang/coordinator_cloud_inputs.go:138.4,138.9 1 1
github.com/sunholo-data/ailang/cmd/ailang/coordinator_cloud_inputs.go:143.2,143.29 1 1
github.com/sunholo-data/ailang/cmd/ailang/coordinator_cloud_inputs.go:143.29,144.21 1 1
github.com/sunholo-data/ailang/cmd/ailang/coordinator_cloud_inputs.go:144.21,145.116 1 1
github.com/sunholo-data/ailang/cmd/ailang/coordinator_cloud_inputs.go:145.116,147.5 1 1
github.com/sunholo-data/ailang/cmd/ailang/coordinator_cloud_inputs.go:150.2,150.69 1 1
github.com/sunholo-data/ailang/cmd/ailang/coordinator_cloud_inputs.go:150.69,152.3 1 0
github.com/sunholo-data/ailang/cmd/ailang/coordinator_cloud_inputs.go:153.2,154.21 2 1
github.com/sunholo-data/ailang/cmd/ailang/coordinator_cloud_inputs.go:159.46,160.75 1 1
github.com/sunholo-data/ailang/cmd/ailang/coordinator_cloud_inputs.go:160.75,162.3 1 1
github.com/sunholo-data/ailang/cmd/ailang/coordinator_cloud_inputs.go:163.2,163.65 1 1
github.com/sunholo-data/ailang/cmd/ailang/coordinator_cloud_inputs.go:163.65,164.32 1 1
github.com/sunholo-data/ailang/cmd/ailang/coordinator_cloud_inputs.go:165.189,166.75 1 1
github.com/sunholo-data/ailang/cmd/ailang/coordinator_cloud_inputs.go:169.2,169.12 1 1
github.com/sunholo-data/ailang/cmd/ailang/coordinator_cloud_inputs.go:174.50,177.29 3 1
github.com/sunholo-data/ailang/cmd/ailang/coordinator_cloud_inputs.go:177.29,178.17 1 1
github.com/sunholo-data/ailang/cmd/ailang/coordinator_cloud_inputs.go:178.17,180.4 1 1
github.com/sunholo-data/ailang/cmd/ailang/coordinator_cloud_inputs.go:181.3,182.25 2 1
github.com/sunholo-data/ailang/cmd/ailang/coordinator_cloud_inputs.go:182.25,183.12 1 1
github.com/sunholo-data/ailang/cmd/ailang/coordinator_cloud_inputs.go:185.3,185.17 1 1
github.com/sunholo-data/ailang/cmd/ailang/coordinator_cloud_inputs.go:185.17,187.4 1 1
github.com/sunholo-data/ailang/cmd/ailang/coordinator_cloud_inputs.go:188.3,188.38 1 1
github.com/sunholo-data/ailang/cmd/ailang/coordinator_cloud_inputs.go:188.38,190.4 1 1
github.com/sunholo-data/ailang/cmd/ailang/coordinator_cloud_inputs.go:192.2,192.12 1 1
github.com/sunholo-data/ailang/cmd/ailang/coordinator_cloud_inputs.go:195.72,196.64 1 1
github.com/sunholo-data/ailang/cmd/ailang/coordinator_cloud_inputs.go:196.64,198.3 1 0
github.com/sunholo-data/ailang/cmd/ailang/coordinator_cloud_inputs.go:199.2,199.60 1 1
github.com/sunholo-data/ailang/cmd/ailang/coordinator_cloud_inputs.go:199.60,201.3 1 1
github.com/sunholo-data/ailang/cmd/ailang/coordinator_cloud_inputs.go:202.2,202.67 1 1
github.com/sunholo-data/ailang/cmd/ailang/coordinator_cloud_inputs.go:202.67,204.3 1 1
github.com/sunholo-data/ailang/cmd/ailang/coordinator_cloud_inputs.go:204.8,204.32 1 1
github.com/sunholo-data/ailang/cmd/ailang/coordinator_cloud_inputs.go:204.32,206.3 1 0
github.com/sunholo-data/ailang/cmd/ailang/coordinator_cloud_inputs.go:207.2,207.12 1 1
github.com/sunholo-data/ailang/cmd/ailang/coordinator_cloud_inputs.go:213.64,214.51 1 1
github.com/sunholo-data/ailang/cmd/ailang/coordinator_cloud_inputs.go:214.51,216.3 1 0
github.com/sunholo-data/ailang/cmd/ailang/coordinator_cloud_inputs.go:217.2,217.14 1 1
github.com/sunholo-data/ailang/cmd/ailang/coordinator_cloud_inputs.go:217.14,218.66 1 1
github.com/sunholo-data/ailang/cmd/ailang/coordinator_cloud_inputs.go:218.66,219.33 1 1
github.com/sunholo-data/ailang/cmd/ailang/coordinator_cloud_inputs.go:220.69,221.66 1 1
github.com/sunholo-data/ailang/cmd/ailang/coordinator_cloud_inputs.go:225.2,225.12 1 1
github.com/sunholo-data/ailang/cmd/ailang/coordinator_cloud_inputs_copy.go:22.166,24.22 2 1
github.com/sunholo-data/ailang/cmd/ailang/coordinator_cloud_inputs_copy.go:24.22,25.59 1 1
github.com/sunholo-data/ailang/cmd/ailang/coordinator_cloud_inputs_copy.go:25.59,27.4 1 0
github.com/sunholo-data/ailang/cmd/ailang/coordinator_cloud_inputs_copy.go:29.2,29.63 1 1
github.com/sunholo-data/ailang/cmd/ailang/coordinator_cloud_inputs_copy.go:29.63,31.3 1 1
github.com/sunholo-data/ailang/cmd/ailang/coordinator_cloud_inputs_copy.go:32.2,34.16 3 1
github.com/sunholo-data/ailang/cmd/ailang/coordinator_cloud_inputs_copy.go:34.16,36.3 1 1
github.com/sunholo-data/ailang/cmd/ailang/coordinator_cloud_inputs_copy.go:37.2,37.47 1 1
github.com/sunholo-data/ailang/cmd/ailang/coordinator_cloud_inputs_copy.go:37.47,39.3 1 0
github.com/sunholo-data/ailang/cmd/ailang/coordinator_cloud_inputs_copy.go:40.2,40.52 1 1
github.com/sunholo-data/ailang/cmd/ailang/coordinator_cloud_inputs_copy.go:40.52,42.3 1 1
github.com/sunholo-data/ailang/cmd/ailang/coordinator_cloud_inputs_copy.go:43.2,44.16 2 1
github.com/sunholo-data/ailang/cmd/ailang/coordinator_cloud_inputs_copy.go:44.16,46.3 1 1
github.com/sunholo-data/ailang/cmd/ailang/coordinator_cloud_inputs_copy.go:47.2,47.52 1 1
github.com/sunholo-data/ailang/cmd/ailang/coordinator_cloud_inputs_copy.go:47.52,49.3 1 1
github.com/sunholo-data/ailang/cmd/ailang/coordinator_cloud_inputs_copy.go:50.2,53.88 4 1
github.com/sunholo-data/ailang/cmd/ailang/coordinator_cloud_inputs_copy.go:53.88,54.21 1 1
github.com/sunholo-data/ailang/cmd/ailang/coordinator_cloud_inputs_copy.go:54.21,56.4 1 0
github.com/sunholo-data/ailang/cmd/ailang/coordinator_cloud_inputs_copy.go:57.3,57.35 1 1
github.com/sunholo-data/ailang/cmd/ailang/coordinator_cloud_inputs_copy.go:57.35,59.4 1 0
github.com/sunholo-data/ailang/cmd/ailang/coordinator_cloud_inputs_copy.go:60.3,61.17 2 1
github.com/sunholo-data/ailang/cmd/ailang/coordinator_cloud_inputs_copy.go:61.17,63.4 1 0
github.com/sunholo-data/ailang/cmd/ailang/coordinator_cloud_inputs_copy.go:65.3,65.40 1 1
github.com/sunholo-data/ailang/cmd/ailang/coordinator_cloud_inputs_copy.go:65.40,67.4 1 1
github.com/sunholo-data/ailang/cmd/ailang/coordinator_cloud_inputs_copy.go:68.3,68.17 1 1
github.com/sunholo-data/ailang/cmd/ailang/coordinator_cloud_inputs_copy.go:68.17,69.53 1 1
github.com/sunholo-data/ailang/cmd/ailang/coordinator_cloud_inputs_copy.go:69.53,71.5 1 1
github.com/sunholo-data/ailang/cmd/ailang/coordinator_cloud_inputs_copy.go:73.3,74.17 2 1
github.com/sunholo-data/ailang/cmd/ailang/coordinator_cloud_inputs_copy.go:74.17,76.4 1 0
github.com/sunholo-data/ailang/cmd/ailang/coordinator_cloud_inputs_copy.go:77.3,77.43 1 1
github.com/sunholo-data/ailang/cmd/ailang/coordinator_cloud_inputs_copy.go:77.43,79.4 1 1
github.com/sunholo-data/ailang/cmd/ailang/coordinator_cloud_inputs_copy.go:80.3,80.20 1 1
github.com/sunholo-data/ailang/cmd/ailang/coordinator_cloud_inputs_copy.go:80.20,82.4 1 1
github.com/sunholo-data/ailang/cmd/ailang/coordinator_cloud_inputs_copy.go:83.3,83.36 1 1
github.com/sunholo-data/ailang/cmd/ailang/coordinator_cloud_inputs_copy.go:83.36,85.4 1 0
github.com/sunholo-data/ailang/cmd/ailang/coordinator_cloud_inputs_copy.go:86.3,87.20 2 1
github.com/sunholo-data/ailang/cmd/ailang/coordinator_cloud_inputs_copy.go:87.20,89.4 1 1
github.com/sunholo-data/ailang/cmd/ailang/coordinator_cloud_inputs_copy.go:90.3,93.79 2 1
github.com/sunholo-data/ailang/cmd/ailang/coordinator_cloud_inputs_copy.go:93.79,96.4 2 1
github.com/sunholo-data/ailang/cmd/ailang/coordinator_cloud_inputs_copy.go:97.3,97.76 1 1
github.com/sunholo-data/ailang/cmd/ailang/coordinator_cloud_inputs_copy.go:97.76,99.4 1 1
github.com/sunholo-data/ailang/cmd/ailang/coordinator_cloud_inputs_copy.go:100.3,102.17 3 1
github.com/sunholo-data/ailang/cmd/ailang/coordinator_cloud_inputs_copy.go:102.17,104.4 1 1
github.com/sunholo-data/ailang/cmd/ailang/coordinator_cloud_inputs_copy.go:105.3,107.13 3 1
github.com/sunholo-data/ailang/cmd/ailang/coordinator_cloud_inputs_copy.go:109.2,109.16 1 1
github.com/sunholo-data/ailang/cmd/ailang/coordinator_cloud_inputs_copy.go:109.16,111.3 1 1
github.com/sunholo-data/ailang/cmd/ailang/coordinator_cloud_inputs_copy.go:112.2,112.24 1 1
github.com/sunholo-data/ailang/cmd/ailang/coordinator_cloud_inputs_copy.go:112.24,114.61 2 1
github.com/sunholo-data/ailang/cmd/ailang/coordinator_cloud_inputs_copy.go:114.61,116.4 1 1
github.com/sunholo-data/ailang/cmd/ailang/coordinator_cloud_inputs_copy.go:117.3,117.50 1 1
github.com/sunholo-data/ailang/cmd/ailang/coordinator_cloud_inputs_copy.go:119.2,119.18 1 1
github.com/sunholo-data/ailang/cmd/ailang/coordinator_cloud_inputs_copy.go:119.18,121.17 2 1
github.com/sunholo-data/ailang/cmd/ailang/coordinator_cloud_inputs_copy.go:121.17,123.4 1 1
github.com/sunholo-data/ailang/cmd/ailang/coordinator_cloud_inputs_copy.go:124.3,124.57 1 1
github.com/sunholo-data/ailang/cmd/ailang/coordinator_cloud_inputs_copy.go:126.2,126.27 1 1
github.com/sunholo-data/ailang/cmd/ailang/coordinator_cloud_inputs_copy.go:131.97,132.63 1 1
github.com/sunholo-data/ailang/cmd/ailang/coordinator_cloud_inputs_copy.go:132.63,134.3 1 1
github.com/sunholo-data/ailang/cmd/ailang/coordinator_cloud_inputs_copy.go:135.2,136.16 2 1
github.com/sunholo-data/ailang/cmd/ailang/coordinator_cloud_inputs_copy.go:136.16,138.3 1 1
github.com/sunholo-data/ailang/cmd/ailang/coordinator_cloud_inputs_copy.go:139.2,141.16 3 1
github.com/sunholo-data/ailang/cmd/ailang/coordinator_cloud_inputs_copy.go:141.16,143.3 1 1
github.com/sunholo-data/ailang/cmd/ailang/coordinator_cloud_inputs_copy.go:144.2,147.20 4 1
github.com/sunholo-data/ailang/cmd/ailang/coordinator_cloud_inputs_copy.go:147.20,149.3 1 1
github.com/sunholo-data/ailang/cmd/ailang/coordinator_cloud_inputs_copy.go:150.2,150.21 1 1
github.com/sunholo-data/ailang/cmd/ailang/coordinator_cloud_inputs_copy.go:150.21,152.3 1 0
github.com/sunholo-data/ailang/cmd/ailang/coordinator_cloud_inputs_copy.go:153.2,153.20 1 1
github.com/sunholo-data/ailang/cmd/ailang/coordinator_cloud_inputs_copy.go:153.20,155.3 1 1
github.com/sunholo-data/ailang/cmd/ailang/coordinator_cloud_inputs_copy.go:156.2,157.46 2 1
github.com/sunholo-data/ailang/cmd/ailang/coordinator_cloud_inputs_copy.go:165.58,166.36 1 1
github.com/sunholo-data/ailang/cmd/ailang/coordinator_cloud_inputs_copy.go:166.36,168.3 1 1
github.com/sunholo-data/ailang/cmd/ailang/coordinator_cloud_inputs_copy.go:169.2,169.25 1 1
github.com/sunholo-data/ailang/cmd/ailang/coordinator_cloud_inputs_copy.go:174.104,176.15 2 1
github.com/sunholo-data/ailang/cmd/ailang/coordinator_cloud_inputs_copy.go:176.15,177.17 1 1
github.com/sunholo-data/ailang/cmd/ailang/coordinator_cloud_inputs_copy.go:177.17,178.48 1 1
github.com/sunholo-data/ailang/cmd/ailang/coordinator_cloud_inputs_copy.go:178.48,180.5 1 1
github.com/sunholo-data/ailang/cmd/ailang/coordinator_cloud_inputs_copy.go:181.4,181.47 1 1
github.com/sunholo-data/ailang/cmd/ailang/coordinator_cloud_inputs_copy.go:181.47,183.5 1 1
github.com/sunholo-data/ailang/cmd/ailang/coordinator_cloud_inputs_copy.go:186.2,186.29 1 1
github.com/sunholo-data/ailang/cmd/ailang/coordinator_cloud_inputs_copy.go:186.29,187.31 1 1
github.com/sunholo-data/ailang/cmd/ailang/coordinator_cloud_inputs_copy.go:187.31,189.4 1 1
github.com/sunholo-data/ailang/cmd/ailang/coordinator_cloud_inputs_copy.go:190.3,190.80 1 1
github.com/sunholo-data/ailang/cmd/ailang/coordinator_cloud_inputs_copy.go:190.80,192.4 1 1
github.com/sunholo-data/ailang/cmd/ailang/coordinator_cloud_inputs_copy.go:193.3,195.78 3 1
github.com/sunholo-data/ailang/cmd/ailang/coordinator_cloud_inputs_copy.go:195.78,197.24 2 1
github.com/sunholo-data/ailang/cmd/ailang/coordinator_cloud_inputs_copy.go:197.24,199.13 2 1
github.com/sunholo-data/ailang/cmd/ailang/coordinator_cloud_inputs_copy.go:201.4,201.16 1 1
github.com/sunholo-data/ailang/cmd/ailang/coordinator_cloud_inputs_copy.go:201.16,203.5 1 0
github.com/sunholo-data/ailang/cmd/ailang/coordinator_cloud_inputs_copy.go:204.4,204.21 1 1
github.com/sunholo-data/ailang/cmd/ailang/coordinator_cloud_inputs_copy.go:204.21,206.5 1 0
github.com/sunholo-data/ailang/cmd/ailang/coordinator_cloud_inputs_copy.go:207.4,207.9 1 1
github.com/sunholo-data/ailang/cmd/ailang/coordinator_cloud_inputs_copy.go:209.3,209.42 1 1
github.com/sunholo-data/ailang/cmd/ailang/coordinator_cloud_inputs_copy.go:209.42,210.50 1 1
github.com/sunholo-data/ailang/cmd/ailang/coordinator_cloud_inputs_copy.go:210.50,212.5 1 0
github.com/sunholo-data/ailang/cmd/ailang/coordinator_cloud_inputs_copy.go:213.4,213.49 1 1
github.com/sunholo-data/ailang/cmd/ailang/coordinator_cloud_inputs_copy.go:215.3,215.74 1 1
github.com/sunholo-data/ailang/cmd/ailang/coordinator_cloud_inputs_copy.go:215.74,217.4 1 1
github.com/sunholo-data/ailang/cmd/ailang/coordinator_cloud_inputs_copy.go:219.2,219.12 1 1
github.com/sunholo-data/ailang/cmd/ailang/coordinator_cloud_inputs_copy.go:222.69,224.16 2 1
github.com/sunholo-data/ailang/cmd/ailang/coordinator_cloud_inputs_copy.go:224.16,226.3 1 1
github.com/sunholo-data/ailang/cmd/ailang/coordinator_cloud_inputs_copy.go:227.2,229.16 3 1
github.com/sunholo-data/ailang/cmd/ailang/coordinator_cloud_inputs_copy.go:229.16,231.3 1 0
github.com/sunholo-data/ailang/cmd/ailang/coordinator_cloud_inputs_copy.go:232.2,235.20 4 1
github.com/sunholo-data/ailang/cmd/ailang/coordinator_cloud_inputs_copy.go:235.20,237.3 1 0
github.com/sunholo-data/ailang/cmd/ailang/coordinator_cloud_inputs_copy.go:238.2,238.17 1 1
github.com/sunholo-data/ailang/cmd/ailang/coordinator_cloud_inputs_manifest.go:11.85,12.56 1 1
github.com/sunholo-data/ailang/cmd/ailang/coordinator_cloud_inputs_manifest.go:12.56,14.3 1 1
github.com/sunholo-data/ailang/cmd/ailang/coordinator_cloud_inputs_manifest.go:15.2,16.16 2 1
github.com/sunholo-data/ailang/cmd/ailang/coordinator_cloud_inputs_manifest.go:16.16,18.3 1 0
github.com/sunholo-data/ailang/cmd/ailang/coordinator_cloud_inputs_manifest.go:19.2,21.83 3 1
github.com/sunholo-data/ailang/cmd/ailang/coordinator_cloud_inputs_manifest.go:21.83,23.80 2 1
github.com/sunholo-data/ailang/cmd/ailang/coordinator_cloud_inputs_manifest.go:23.80,25.4 1 1
github.com/sunholo-data/ailang/cmd/ailang/coordinator_cloud_inputs_manifest.go:26.3,26.56 1 1
github.com/sunholo-data/ailang/cmd/ailang/coordinator_cloud_inputs_manifest.go:26.56,28.4 1 1
github.com/sunholo-data/ailang/cmd/ailang/coordinator_cloud_inputs_manifest.go:29.3,30.49 2 1
github.com/sunholo-data/ailang/cmd/ailang/coordinator_cloud_inputs_manifest.go:30.49,32.4 1 1
github.com/sunholo-data/ailang/cmd/ailang/coordinator_cloud_inputs_manifest.go:33.3,33.53 1 1
github.com/sunholo-data/ailang/cmd/ailang/coordinator_cloud_inputs_manifest.go:33.53,35.4 1 1
github.com/sunholo-data/ailang/cmd/ailang/coordinator_cloud_inputs_manifest.go:36.3,36.17 1 1
github.com/sunholo-data/ailang/cmd/ailang/coordinator_cloud_inputs_manifest.go:36.17,38.4 1 1
github.com/sunholo-data/ailang/cmd/ailang/coordinator_cloud_inputs_manifest.go:39.3,41.14 3 1
github.com/sunholo-data/ailang/cmd/ailang/coordinator_cloud_inputs_manifest.go:41.14,43.4 1 1
github.com/sunholo-data/ailang/cmd/ailang/coordinator_cloud_inputs_manifest.go:44.3,44.44 1 1
github.com/sunholo-data/ailang/cmd/ailang/coordinator_cloud_inputs_manifest.go:44.44,46.4 1 1
github.com/sunholo-data/ailang/cmd/ailang/coordinator_cloud_inputs_manifest.go:47.3,47.36 1 1
github.com/sunholo-data/ailang/cmd/ailang/coordinator_cloud_inputs_manifest.go:49.2,49.22 1 1
