{
  "file": {
    "decls": [
      {
        "definition": {
          "target": {
            "name": "int",
            "type": "SimpleType"
          },
          "type": "TypeAlias"
        },
        "name": "UserId",
        "type": "TypeDecl"
      },
      {
        "definition": {
          "fields": [
            {
              "name": "id",
              "typeExpr": {
                "name": "UserId",
                "type": "SimpleType"
              }
            },
            {
              "name": "name",
              "typeExpr": {
                "name": "string",
                "type": "SimpleType"
              }
            }
          ],
          "type": "RecordType"
        },
        "name": "User",
        "type": "TypeDecl"
      }
    ],
    "path": "test://unit",
    "statements": [
      {
        "definition": {
          "target": {
            "name": "int",
            "type": "SimpleType"
          },
          "type": "TypeAlias"
        },
        "name": "UserId",
        "type": "TypeDecl"
      },
      {
        "definition": {
          "fields": [
            {
              "name": "id",
              "typeExpr": {
                "name": "UserId",
                "type": "SimpleType"
              }
            },
            {
              "name": "name",
              "typeExpr": {
                "name": "string",
                "type": "SimpleType"
              }
            }
          ],
          "type": "RecordType"
        },
        "name": "User",
        "type": "TypeDecl"
      }
    ],
    "type": "File"
  },
  "type": "Program"
}