{
  "file": {
    "decls": [
      {
        "definition": {
          "target": {
            "args": [
              {
                "name": "string",
                "type": "SimpleType"
              },
              {
                "name": "int",
                "type": "SimpleType"
              }
            ],
            "constructor": "Map",
            "type": "TypeApp"
          },
          "type": "TypeAlias"
        },
        "name": "Config",
        "type": "TypeDecl"
      }
    ],
    "path": "test://unit",
    "statements": [
      {
        "definition": {
          "target": {
            "args": [
              {
                "name": "string",
                "type": "SimpleType"
              },
              {
                "name": "int",
                "type": "SimpleType"
              }
            ],
            "constructor": "Map",
            "type": "TypeApp"
          },
          "type": "TypeAlias"
        },
        "name": "Config",
        "type": "TypeDecl"
      }
    ],
    "type": "File"
  },
  "type": "Program"
}